------------------------------------------------------------
Timing Analyzer Summary
------------------------------------------------------------

Type  : Slow 1100mV 85C Model Setup 'FPGA_clk'
Slack : -1.954
TNS   : -169.233

Type  : Slow 1100mV 85C Model Hold 'FPGA_clk'
Slack : 0.316
TNS   : 0.000

Type  : Slow 1100mV 85C Model Minimum Pulse Width 'FPGA_clk'
Slack : -0.394
TNS   : -90.385

Type  : Slow 1100mV 0C Model Setup 'FPGA_clk'
Slack : -1.980
TNS   : -168.799

Type  : Slow 1100mV 0C Model Hold 'FPGA_clk'
Slack : 0.306
TNS   : 0.000

Type  : Slow 1100mV 0C Model Minimum Pulse Width 'FPGA_clk'
Slack : -0.394
TNS   : -97.305

Type  : Fast 1100mV 85C Model Setup 'FPGA_clk'
Slack : -0.653
TNS   : -28.527

Type  : Fast 1100mV 85C Model Hold 'FPGA_clk'
Slack : 0.150
TNS   : 0.000

Type  : Fast 1100mV 85C Model Minimum Pulse Width 'FPGA_clk'
Slack : -0.093
TNS   : -15.206

Type  : Fast 1100mV 0C Model Setup 'FPGA_clk'
Slack : -0.578
TNS   : -17.466

Type  : Fast 1100mV 0C Model Hold 'FPGA_clk'
Slack : 0.139
TNS   : 0.000

Type  : Fast 1100mV 0C Model Minimum Pulse Width 'FPGA_clk'
Slack : -0.090
TNS   : -14.873

------------------------------------------------------------
