------------------------------------------------------------
Timing Analyzer Summary
------------------------------------------------------------

Type  : Slow 1100mV 85C Model Setup 'FPGA_clk'
Slack : -0.679
TNS   : -2.741

Type  : Slow 1100mV 85C Model Hold 'FPGA_clk'
Slack : 0.304
TNS   : 0.000

Type  : Slow 1100mV 85C Model Minimum Pulse Width 'FPGA_clk'
Slack : -0.394
TNS   : -8.350

Type  : Slow 1100mV 0C Model Setup 'FPGA_clk'
Slack : -0.627
TNS   : -2.538

Type  : Slow 1100mV 0C Model Hold 'FPGA_clk'
Slack : 0.285
TNS   : 0.000

Type  : Slow 1100mV 0C Model Minimum Pulse Width 'FPGA_clk'
Slack : -0.394
TNS   : -9.091

Type  : Fast 1100mV 85C Model Setup 'FPGA_clk'
Slack : 0.082
TNS   : 0.000

Type  : Fast 1100mV 85C Model Hold 'FPGA_clk'
Slack : 0.186
TNS   : 0.000

Type  : Fast 1100mV 85C Model Minimum Pulse Width 'FPGA_clk'
Slack : -0.090
TNS   : -1.407

Type  : Fast 1100mV 0C Model Setup 'FPGA_clk'
Slack : 0.124
TNS   : 0.000

Type  : Fast 1100mV 0C Model Hold 'FPGA_clk'
Slack : 0.166
TNS   : 0.000

Type  : Fast 1100mV 0C Model Minimum Pulse Width 'FPGA_clk'
Slack : -0.089
TNS   : -1.374

------------------------------------------------------------
